// Jest Snapshot v1, https://goo.gl/fbAQLP

exports[`renders ContactPage correctly 1`] = `
<DocumentFragment>
  <div
    class="min-h-screen p-8"
  >
    <h1
      class="text-4xl font-bold mb-6"
    >
      Contact Us
    </h1>
    <p
      class="text-lg"
    >
      Get in touch with the CAIS team.
    </p>
  </div>
</DocumentFragment>
`;
