// Jest Snapshot v1, https://jestjs.io/docs/snapshot-testing

exports[`renders EventsPage correctly 1`] = `
<DocumentFragment>
  <div
    class="min-h-screen bg-background relative overflow-hidden"
  >
    <div
      class="absolute inset-0 bg-glow opacity-30"
    />
    <div
      class="absolute inset-0 bg-grid opacity-20"
    />
    <div
      class="absolute inset-0 bg-gradient-to-b from-black/0 via-black/20 to-background"
    />
    <section
      class="relative h-[70vh] flex items-center justify-center overflow-hidden"
    >
      <div
        class="absolute inset-0 bg-[radial-gradient(circle_at_center,_var(--color-primary)_0%,_transparent_65%)] opacity-20"
      />
      <div
        class="container mx-auto text-center relative z-10 px-4"
      >
        <h1
          class="text-7xl sm:text-8xl font-bold mb-6 text-glow bg-clip-text text-transparent bg-gradient-to-r from-primary via-primary/90 to-primary/75"
        >
          Events
        </h1>
        <p
          class="text-xl sm:text-2xl text-muted-foreground max-w-3xl mx-auto leading-relaxed"
        >
          Join us for immersive workshops, insightful panels, and engaging discussions about the future of artificial intelligence.
        </p>
      </div>
    </section>
    <section
      class="relative z-10 py-8"
    >
      <div
        class="container mx-auto px-4"
      >
        <div
          class="flex flex-wrap gap-3 justify-center mb-12"
        >
          <div>
            <button
              class="inline-flex min-h-11 items-center justify-center gap-2 whitespace-nowrap text-sm font-medium ring-offset-background focus-visible:outline-hidden focus-visible:ring-2 focus-visible:ring-ring focus-visible:ring-offset-2 forced-colors:focus-visible:outline-2 forced-colors:focus-visible:outline-[Highlight] forced-colors:focus-visible:outline-offset-2 disabled:pointer-events-none disabled:opacity-50 [&_svg]:pointer-events-none [&_svg]:size-4 [&_svg]:shrink-0 bg-brand text-brand-foreground hover:bg-brand/90 h-11 px-6 py-2 rounded-full transition-all duration-300 hover:scale-105 scale-105 shadow-lg shadow-brand/20"
              type="button"
            >
              All
            </button>
          </div>
          <div>
            <button
              class="inline-flex min-h-11 items-center justify-center gap-2 whitespace-nowrap text-sm font-medium ring-offset-background focus-visible:outline-hidden focus-visible:ring-2 focus-visible:ring-ring focus-visible:ring-offset-2 forced-colors:focus-visible:outline-2 forced-colors:focus-visible:outline-[Highlight] forced-colors:focus-visible:outline-offset-2 disabled:pointer-events-none disabled:opacity-50 [&_svg]:pointer-events-none [&_svg]:size-4 [&_svg]:shrink-0 border border-input bg-background hover:bg-accent hover:text-accent-foreground h-11 px-6 py-2 rounded-full transition-all duration-300 hover:scale-105"
              type="button"
            >
              Workshop
            </button>
          </div>
          <div>
            <button
              class="inline-flex min-h-11 items-center justify-center gap-2 whitespace-nowrap text-sm font-medium ring-offset-background focus-visible:outline-hidden focus-visible:ring-2 focus-visible:ring-ring focus-visible:ring-offset-2 forced-colors:focus-visible:outline-2 forced-colors:focus-visible:outline-[Highlight] forced-colors:focus-visible:outline-offset-2 disabled:pointer-events-none disabled:opacity-50 [&_svg]:pointer-events-none [&_svg]:size-4 [&_svg]:shrink-0 border border-input bg-background hover:bg-accent hover:text-accent-foreground h-11 px-6 py-2 rounded-full transition-all duration-300 hover:scale-105"
              type="button"
            >
              Social
            </button>
          </div>
          <div>
            <button
              class="inline-flex min-h-11 items-center justify-center gap-2 whitespace-nowrap text-sm font-medium ring-offset-background focus-visible:outline-hidden focus-visible:ring-2 focus-visible:ring-ring focus-visible:ring-offset-2 forced-colors:focus-visible:outline-2 forced-colors:focus-visible:outline-[Highlight] forced-colors:focus-visible:outline-offset-2 disabled:pointer-events-none disabled:opacity-50 [&_svg]:pointer-events-none [&_svg]:size-4 [&_svg]:shrink-0 border border-input bg-background hover:bg-accent hover:text-accent-foreground h-11 px-6 py-2 rounded-full transition-all duration-300 hover:scale-105"
              type="button"
            >
              Panel
            </button>
          </div>
          <div>
            <button
              class="inline-flex min-h-11 items-center justify-center gap-2 whitespace-nowrap text-sm font-medium ring-offset-background focus-visible:outline-hidden focus-visible:ring-2 focus-visible:ring-ring focus-visible:ring-offset-2 forced-colors:focus-visible:outline-2 forced-colors:focus-visible:outline-[Highlight] forced-colors:focus-visible:outline-offset-2 disabled:pointer-events-none disabled:opacity-50 [&_svg]:pointer-events-none [&_svg]:size-4 [&_svg]:shrink-0 border border-input bg-background hover:bg-accent hover:text-accent-foreground h-11 px-6 py-2 rounded-full transition-all duration-300 hover:scale-105"
              type="button"
            >
              Symposium
            </button>
          </div>
        </div>
      </div>
    </section>
    <section
      class="relative z-10 py-16 px-4"
    >
      <div
        class="container mx-auto"
      >
        <h2
          class="text-3xl font-bold mb-8 text-glow"
        >
          Upcoming Events
        </h2>
        <div
          class="grid grid-cols-1 md:grid-cols-2 lg:grid-cols-3 gap-8 mb-20"
        >
          <div
            class="group relative bg-card rounded-xl overflow-hidden border border-border/50 hover:border-primary/50 transition-colors"
          >
            <button
              aria-expanded="false"
              aria-haspopup="dialog"
              aria-label="Enlarge poster for CAIS Icebreaker"
              class="aspect-video relative block w-full cursor-zoom-in overflow-hidden focus-visible:outline-hidden focus-visible:ring-2 focus-visible:ring-ring focus-visible:ring-inset"
              data-state="closed"
              type="button"
            >
              <div
                aria-hidden="true"
                class="absolute inset-0 scale-110 bg-cover bg-center opacity-40 blur-xl"
                style="background-image: url("/assets/events/icebreaker-2026.jpg");"
              />
              <div
                class="absolute inset-0 bg-contain bg-center bg-no-repeat transform group-hover:scale-105 transition-transform duration-500"
                style="background-image: url("/assets/events/icebreaker-2026.jpg");"
              />
              <div
                class="absolute inset-0 bg-gradient-to-t from-background/90 to-transparent"
              />
              <span
                class="absolute right-3 top-3 rounded-full bg-background/70 p-2 text-primary opacity-80 transition-opacity group-hover:opacity-100"
              >
                <svg
                  class="h-4 w-4"
                />
              </span>
            </button>
            <div
              class="p-6"
            >
              <div
                class="flex items-center gap-2 text-sm text-muted-foreground mb-3"
              >
                <span
                  class="inline-flex items-center gap-1"
                >
                  <svg
                    class="w-4 h-4"
                  />
                  2026-09-24
                </span>
                <span
                  class="inline-flex items-center gap-1"
                >
                  <svg
                    class="w-4 h-4"
                  />
                  Southam Hall 402
                </span>
              </div>
              <h3
                class="text-xl font-semibold mb-2 group-hover:text-primary transition-colors"
              >
                CAIS Icebreaker
              </h3>
              <p
                class="text-muted-foreground mb-4 line-clamp-none md:line-clamp-4"
              >
                Come find out who we are and what we actually do. Free pizza, all years welcome, no experience needed.
              </p>
              <div
                class="flex items-center justify-between"
              >
                <div
                  class="flex gap-2 flex-wrap"
                >
                  <span
                    class="px-2 py-1 text-xs rounded-full bg-brand/10 text-primary"
                  >
                    social
                  </span>
                  <span
                    class="px-2 py-1 text-xs rounded-full bg-brand/10 text-primary"
                  >
                    beginner-friendly
                  </span>
                  <span
                    class="px-2 py-1 text-xs rounded-full bg-brand/10 text-primary"
                  >
                    networking
                  </span>
                </div>
              </div>
            </div>
          </div>
        </div>
        <h2
          class="text-3xl font-bold mb-8 text-glow"
        >
          Past Events
        </h2>
        <div
          class="grid grid-cols-1 md:grid-cols-2 lg:grid-cols-3 gap-8"
        >
          <div
            class="group relative bg-card/70 rounded-xl overflow-hidden border border-border/50 opacity-80"
          >
            <div
              class="aspect-video relative overflow-hidden"
            >
              <div
                class="absolute inset-0 bg-cover bg-center"
                style="background-image: url("/assets/events/ml-workshop.svg");"
              />
              <div
                class="absolute inset-0 bg-gradient-to-t from-background/90 to-transparent"
              />
            </div>
            <div
              class="p-6"
            >
              <div
                class="flex items-center gap-2 text-sm text-muted-foreground mb-3"
              >
                <span
                  class="inline-flex items-center gap-1"
                >
                  <svg
                    class="w-4 h-4"
                  />
                  2026-09-17
                </span>
                <span
                  class="inline-flex items-center gap-1"
                >
                  <svg
                    class="w-4 h-4"
                  />
                  EDC, Mackenzie Building
                </span>
              </div>
              <h3
                class="text-xl font-semibold mb-2"
              >
                EDC Fair
              </h3>
              <p
                class="text-muted-foreground mb-4 line-clamp-none md:line-clamp-4"
              >
                Meeting students at the EDC Fair, with free food and pizza.
              </p>
              <div
                class="flex gap-2 flex-wrap"
              >
                <span
                  class="px-2 py-1 text-xs rounded-full bg-brand/10 text-primary"
                >
                  social
                </span>
                <span
                  class="px-2 py-1 text-xs rounded-full bg-brand/10 text-primary"
                >
                  networking
                </span>
                <span
                  class="px-2 py-1 text-xs rounded-full bg-brand/10 text-primary"
                >
                  free-food
                </span>
              </div>
            </div>
          </div>
          <div
            class="group relative bg-card/70 rounded-xl overflow-hidden border border-border/50 opacity-80"
          >
            <div
              class="aspect-video relative overflow-hidden"
            >
              <div
                class="absolute inset-0 bg-cover bg-center"
                style="background-image: url("/assets/events/ml-workshop.svg");"
              />
              <div
                class="absolute inset-0 bg-gradient-to-t from-background/90 to-transparent"
              />
            </div>
            <div
              class="p-6"
            >
              <div
                class="flex items-center gap-2 text-sm text-muted-foreground mb-3"
              >
                <span
                  class="inline-flex items-center gap-1"
                >
                  <svg
                    class="w-4 h-4"
                  />
                  2026-09-16
                </span>
                <span
                  class="inline-flex items-center gap-1"
                >
                  <svg
                    class="w-4 h-4"
                  />
                  Herzberg Laboratories 4155
                </span>
              </div>
              <h3
                class="text-xl font-semibold mb-2"
              >
                Tech Club Expo
              </h3>
              <p
                class="text-muted-foreground mb-4 line-clamp-none md:line-clamp-4"
              >
                Showcasing CAIS alongside Carleton's other tech clubs and meeting students interested in AI.
              </p>
              <div
                class="flex gap-2 flex-wrap"
              >
                <span
                  class="px-2 py-1 text-xs rounded-full bg-brand/10 text-primary"
                >
                  social
                </span>
                <span
                  class="px-2 py-1 text-xs rounded-full bg-brand/10 text-primary"
                >
                  recruitment
                </span>
                <span
                  class="px-2 py-1 text-xs rounded-full bg-brand/10 text-primary"
                >
                  networking
                </span>
              </div>
            </div>
          </div>
          <div
            class="group relative bg-card/70 rounded-xl overflow-hidden border border-border/50 opacity-80"
          >
            <div
              class="aspect-video relative overflow-hidden"
            >
              <div
                class="absolute inset-0 bg-cover bg-center"
                style="background-image: url("/assets/events/ml-workshop.svg");"
              />
              <div
                class="absolute inset-0 bg-gradient-to-t from-background/90 to-transparent"
              />
            </div>
            <div
              class="p-6"
            >
              <div
                class="flex items-center gap-2 text-sm text-muted-foreground mb-3"
              >
                <span
                  class="inline-flex items-center gap-1"
                >
                  <svg
                    class="w-4 h-4"
                  />
                  2026-09-08
                </span>
                <span
                  class="inline-flex items-center gap-1"
                >
                  <svg
                    class="w-4 h-4"
                  />
                  Fieldhouse
                </span>
              </div>
              <h3
                class="text-xl font-semibold mb-2"
              >
                Club Expo
              </h3>
              <p
                class="text-muted-foreground mb-4 line-clamp-none md:line-clamp-4"
              >
                Presenting the club to new students and recruiting new members.
              </p>
              <div
                class="flex gap-2 flex-wrap"
              >
                <span
                  class="px-2 py-1 text-xs rounded-full bg-brand/10 text-primary"
                >
                  social
                </span>
                <span
                  class="px-2 py-1 text-xs rounded-full bg-brand/10 text-primary"
                >
                  recruitment
                </span>
              </div>
            </div>
          </div>
          <div
            class="group relative bg-card/70 rounded-xl overflow-hidden border border-border/50 opacity-80"
          >
            <div
              class="aspect-video relative overflow-hidden"
            >
              <div
                class="absolute inset-0 bg-cover bg-center"
                style="background-image: url("/assets/events/neural-networks.svg");"
              />
              <div
                class="absolute inset-0 bg-gradient-to-t from-background/90 to-transparent"
              />
            </div>
            <div
              class="p-6"
            >
              <div
                class="flex items-center gap-2 text-sm text-muted-foreground mb-3"
              >
                <span
                  class="inline-flex items-center gap-1"
                >
                  <svg
                    class="w-4 h-4"
                  />
                  2026-07-11
                </span>
                <span
                  class="inline-flex items-center gap-1"
                >
                  <svg
                    class="w-4 h-4"
                  />
                  Richcraft Hall 1200
                </span>
              </div>
              <h3
                class="text-xl font-semibold mb-2"
              >
                cuHacking Workshop – How to Use Agentic AI to Build Neural Networks
              </h3>
              <p
                class="text-muted-foreground mb-4 line-clamp-none md:line-clamp-4"
              >
                A cuHacking workshop on using agentic AI to design and build neural networks.
              </p>
              <div
                class="flex gap-2 flex-wrap"
              >
                <span
                  class="px-2 py-1 text-xs rounded-full bg-brand/10 text-primary"
                >
                  hands-on
                </span>
                <span
                  class="px-2 py-1 text-xs rounded-full bg-brand/10 text-primary"
                >
                  technical
                </span>
              </div>
            </div>
          </div>
          <div
            class="group relative bg-card/70 rounded-xl overflow-hidden border border-border/50 opacity-80"
          >
            <div
              class="aspect-video relative overflow-hidden"
            >
              <div
                class="absolute inset-0 bg-cover bg-center"
                style="background-image: url("/assets/events/neural-networks.svg");"
              />
              <div
                class="absolute inset-0 bg-gradient-to-t from-background/90 to-transparent"
              />
            </div>
            <div
              class="p-6"
            >
              <div
                class="flex items-center gap-2 text-sm text-muted-foreground mb-3"
              >
                <span
                  class="inline-flex items-center gap-1"
                >
                  <svg
                    class="w-4 h-4"
                  />
                  2026-02-26
                </span>
                <span
                  class="inline-flex items-center gap-1"
                >
                  <svg
                    class="w-4 h-4"
                  />
                  Tory Building 210
                </span>
              </div>
              <h3
                class="text-xl font-semibold mb-2"
              >
                Training an AI Model!
              </h3>
              <p
                class="text-muted-foreground mb-4 line-clamp-none md:line-clamp-4"
              >
                Train your first machine learning model using Python in a hands-on session.
              </p>
              <div
                class="flex gap-2 flex-wrap"
              >
                <span
                  class="px-2 py-1 text-xs rounded-full bg-brand/10 text-primary"
                >
                  hands-on
                </span>
                <span
                  class="px-2 py-1 text-xs rounded-full bg-brand/10 text-primary"
                >
                  beginner-friendly
                </span>
                <span
                  class="px-2 py-1 text-xs rounded-full bg-brand/10 text-primary"
                >
                  technical
                </span>
              </div>
            </div>
          </div>
          <div
            class="group relative bg-card/70 rounded-xl overflow-hidden border border-border/50 opacity-80"
          >
            <div
              class="aspect-video relative overflow-hidden"
            >
              <div
                class="absolute inset-0 bg-cover bg-center"
                style="background-image: url("/assets/events/neural-networks.svg");"
              />
              <div
                class="absolute inset-0 bg-gradient-to-t from-background/90 to-transparent"
              />
            </div>
            <div
              class="p-6"
            >
              <div
                class="flex items-center gap-2 text-sm text-muted-foreground mb-3"
              >
                <span
                  class="inline-flex items-center gap-1"
                >
                  <svg
                    class="w-4 h-4"
                  />
                  2026-02-24
                </span>
                <span
                  class="inline-flex items-center gap-1"
                >
                  <svg
                    class="w-4 h-4"
                  />
                  Tory Building 210
                </span>
              </div>
              <h3
                class="text-xl font-semibold mb-2"
              >
                Building an AI Chatbot!
              </h3>
              <p
                class="text-muted-foreground mb-4 line-clamp-none md:line-clamp-4"
              >
                Learn how AI chatbots work using RAG and semantic search in LLM applications.
              </p>
              <div
                class="flex gap-2 flex-wrap"
              >
                <span
                  class="px-2 py-1 text-xs rounded-full bg-brand/10 text-primary"
                >
                  hands-on
                </span>
                <span
                  class="px-2 py-1 text-xs rounded-full bg-brand/10 text-primary"
                >
                  technical
                </span>
              </div>
            </div>
          </div>
          <div
            class="group relative bg-card/70 rounded-xl overflow-hidden border border-border/50 opacity-80"
          >
            <div
              class="aspect-video relative overflow-hidden"
            >
              <div
                class="absolute inset-0 bg-cover bg-center"
                style="background-image: url("/assets/events/neural-networks.svg");"
              />
              <div
                class="absolute inset-0 bg-gradient-to-t from-background/90 to-transparent"
              />
            </div>
            <div
              class="p-6"
            >
              <div
                class="flex items-center gap-2 text-sm text-muted-foreground mb-3"
              >
                <span
                  class="inline-flex items-center gap-1"
                >
                  <svg
                    class="w-4 h-4"
                  />
                  2026-01-29
                </span>
                <span
                  class="inline-flex items-center gap-1"
                >
                  <svg
                    class="w-4 h-4"
                  />
                  Tory Building 342
                </span>
              </div>
              <h3
                class="text-xl font-semibold mb-2"
              >
                Workshop #3 – What Are Large Language Models?
              </h3>
              <p
                class="text-muted-foreground mb-4 line-clamp-none md:line-clamp-4"
              >
                An introduction to large language models and how they power modern AI systems.
              </p>
              <div
                class="flex gap-2 flex-wrap"
              >
                <span
                  class="px-2 py-1 text-xs rounded-full bg-brand/10 text-primary"
                >
                  beginner-friendly
                </span>
                <span
                  class="px-2 py-1 text-xs rounded-full bg-brand/10 text-primary"
                >
                  technical
                </span>
              </div>
            </div>
          </div>
          <div
            class="group relative bg-card/70 rounded-xl overflow-hidden border border-border/50 opacity-80"
          >
            <div
              class="aspect-video relative overflow-hidden"
            >
              <div
                class="absolute inset-0 bg-cover bg-center"
                style="background-image: url("/assets/events/neural-networks.svg");"
              />
              <div
                class="absolute inset-0 bg-gradient-to-t from-background/90 to-transparent"
              />
            </div>
            <div
              class="p-6"
            >
              <div
                class="flex items-center gap-2 text-sm text-muted-foreground mb-3"
              >
                <span
                  class="inline-flex items-center gap-1"
                >
                  <svg
                    class="w-4 h-4"
                  />
                  2026-01-27
                </span>
                <span
                  class="inline-flex items-center gap-1"
                >
                  <svg
                    class="w-4 h-4"
                  />
                  Richcraft Hall 3228
                </span>
              </div>
              <h3
                class="text-xl font-semibold mb-2"
              >
                Workshop #2 – Vibe Coding vs Prompt Engineering
              </h3>
              <p
                class="text-muted-foreground mb-4 line-clamp-none md:line-clamp-4"
              >
                A workshop comparing vibe coding and prompt engineering in modern AI development.
              </p>
              <div
                class="flex gap-2 flex-wrap"
              >
                <span
                  class="px-2 py-1 text-xs rounded-full bg-brand/10 text-primary"
                >
                  technical
                </span>
                <span
                  class="px-2 py-1 text-xs rounded-full bg-brand/10 text-primary"
                >
                  discussion
                </span>
              </div>
            </div>
          </div>
          <div
            class="group relative bg-card/70 rounded-xl overflow-hidden border border-border/50 opacity-80"
          >
            <div
              class="aspect-video relative overflow-hidden"
            >
              <div
                class="absolute inset-0 bg-cover bg-center"
                style="background-image: url("/assets/events/neural-networks.svg");"
              />
              <div
                class="absolute inset-0 bg-gradient-to-t from-background/90 to-transparent"
              />
            </div>
            <div
              class="p-6"
            >
              <div
                class="flex items-center gap-2 text-sm text-muted-foreground mb-3"
              >
                <span
                  class="inline-flex items-center gap-1"
                >
                  <svg
                    class="w-4 h-4"
                  />
                  2026-01-23
                </span>
                <span
                  class="inline-flex items-center gap-1"
                >
                  <svg
                    class="w-4 h-4"
                  />
                  Richcraft Hall 3110
                </span>
              </div>
              <h3
                class="text-xl font-semibold mb-2"
              >
                Workshop #1 – Introduction to Artificial Intelligence
              </h3>
              <p
                class="text-muted-foreground mb-4 line-clamp-none md:line-clamp-4"
              >
                An introductory workshop covering core AI concepts and real-world applications.
              </p>
              <div
                class="flex gap-2 flex-wrap"
              >
                <span
                  class="px-2 py-1 text-xs rounded-full bg-brand/10 text-primary"
                >
                  beginner-friendly
                </span>
                <span
                  class="px-2 py-1 text-xs rounded-full bg-brand/10 text-primary"
                >
                  educational
                </span>
              </div>
            </div>
          </div>
          <div
            class="group relative bg-card/70 rounded-xl overflow-hidden border border-border/50 opacity-80"
          >
            <div
              class="aspect-video relative overflow-hidden"
            >
              <div
                class="absolute inset-0 bg-cover bg-center"
                style="background-image: url("/assets/events/neural-networks.svg");"
              />
              <div
                class="absolute inset-0 bg-gradient-to-t from-background/90 to-transparent"
              />
            </div>
            <div
              class="p-6"
            >
              <div
                class="flex items-center gap-2 text-sm text-muted-foreground mb-3"
              >
                <span
                  class="inline-flex items-center gap-1"
                >
                  <svg
                    class="w-4 h-4"
                  />
                  2025-11-28
                </span>
                <span
                  class="inline-flex items-center gap-1"
                >
                  <svg
                    class="w-4 h-4"
                  />
                  Tory Building 342
                </span>
              </div>
              <h3
                class="text-xl font-semibold mb-2"
              >
                CAIS Icebreaker
              </h3>
              <p
                class="text-muted-foreground mb-4 line-clamp-none md:line-clamp-4"
              >
                Meet the CAIS executive team, learn about the club, and connect with students interested in AI.
              </p>
              <div
                class="flex gap-2 flex-wrap"
              >
                <span
                  class="px-2 py-1 text-xs rounded-full bg-brand/10 text-primary"
                >
                  beginner-friendly
                </span>
                <span
                  class="px-2 py-1 text-xs rounded-full bg-brand/10 text-primary"
                >
                  networking
                </span>
                <span
                  class="px-2 py-1 text-xs rounded-full bg-brand/10 text-primary"
                >
                  social
                </span>
              </div>
            </div>
          </div>
          <div
            class="group relative bg-card/70 rounded-xl overflow-hidden border border-border/50 opacity-80"
          >
            <div
              class="aspect-video relative overflow-hidden"
            >
              <div
                class="absolute inset-0 bg-cover bg-center"
                style="background-image: url("/assets/events/neural-networks.svg");"
              />
              <div
                class="absolute inset-0 bg-gradient-to-t from-background/90 to-transparent"
              />
            </div>
            <div
              class="p-6"
            >
              <div
                class="flex items-center gap-2 text-sm text-muted-foreground mb-3"
              >
                <span
                  class="inline-flex items-center gap-1"
                >
                  <svg
                    class="w-4 h-4"
                  />
                  2025-04-02
                </span>
                <span
                  class="inline-flex items-center gap-1"
                >
                  <svg
                    class="w-4 h-4"
                  />
                  Tory Building 431
                </span>
              </div>
              <h3
                class="text-xl font-semibold mb-2"
              >
                Using AI APIs
              </h3>
              <p
                class="text-muted-foreground mb-4 line-clamp-none md:line-clamp-4"
              >
                Learn how to use AI APIs to implement AI in your projects.
              </p>
              <div
                class="flex gap-2 flex-wrap"
              >
                <span
                  class="px-2 py-1 text-xs rounded-full bg-brand/10 text-primary"
                >
                  hands-on
                </span>
                <span
                  class="px-2 py-1 text-xs rounded-full bg-brand/10 text-primary"
                >
                  technical
                </span>
              </div>
            </div>
          </div>
          <div
            class="group relative bg-card/70 rounded-xl overflow-hidden border border-border/50 opacity-80"
          >
            <div
              class="aspect-video relative overflow-hidden"
            >
              <div
                class="absolute inset-0 bg-cover bg-center"
                style="background-image: url("/assets/events/neural-networks.svg");"
              />
              <div
                class="absolute inset-0 bg-gradient-to-t from-background/90 to-transparent"
              />
            </div>
            <div
              class="p-6"
            >
              <div
                class="flex items-center gap-2 text-sm text-muted-foreground mb-3"
              >
                <span
                  class="inline-flex items-center gap-1"
                >
                  <svg
                    class="w-4 h-4"
                  />
                  2025-03-20
                </span>
                <span
                  class="inline-flex items-center gap-1"
                >
                  <svg
                    class="w-4 h-4"
                  />
                  Canal Building 2400
                </span>
              </div>
              <h3
                class="text-xl font-semibold mb-2"
              >
                Build Your Own Neural Network
              </h3>
              <p
                class="text-muted-foreground mb-4 line-clamp-none md:line-clamp-4"
              >
                Beginner workshop on implementing neural networks and a demo on how to build your own model.
              </p>
              <div
                class="flex gap-2 flex-wrap"
              >
                <span
                  class="px-2 py-1 text-xs rounded-full bg-brand/10 text-primary"
                >
                  hands-on
                </span>
                <span
                  class="px-2 py-1 text-xs rounded-full bg-brand/10 text-primary"
                >
                  technical
                </span>
              </div>
            </div>
          </div>
          <div
            class="group relative bg-card/70 rounded-xl overflow-hidden border border-border/50 opacity-80"
          >
            <div
              class="aspect-video relative overflow-hidden"
            >
              <div
                class="absolute inset-0 bg-cover bg-center"
                style="background-image: url("/assets/events/neural-networks.svg");"
              />
              <div
                class="absolute inset-0 bg-gradient-to-t from-background/90 to-transparent"
              />
            </div>
            <div
              class="p-6"
            >
              <div
                class="flex items-center gap-2 text-sm text-muted-foreground mb-3"
              >
                <span
                  class="inline-flex items-center gap-1"
                >
                  <svg
                    class="w-4 h-4"
                  />
                  2025-03-15
                </span>
                <span
                  class="inline-flex items-center gap-1"
                >
                  <svg
                    class="w-4 h-4"
                  />
                  Richcraft Hall 1200
                </span>
              </div>
              <h3
                class="text-xl font-semibold mb-2"
              >
                CUHacking AI Workshop
              </h3>
              <p
                class="text-muted-foreground mb-4 line-clamp-none md:line-clamp-4"
              >
                Hackathon workshop on using Ollama and HuggingFace models in your projects, plus mentorship on site.
              </p>
              <div
                class="flex gap-2 flex-wrap"
              >
                <span
                  class="px-2 py-1 text-xs rounded-full bg-brand/10 text-primary"
                >
                  beginner-friendly
                </span>
                <span
                  class="px-2 py-1 text-xs rounded-full bg-brand/10 text-primary"
                >
                  hands-on
                </span>
              </div>
            </div>
          </div>
          <div
            class="group relative bg-card/70 rounded-xl overflow-hidden border border-border/50 opacity-80"
          >
            <div
              class="aspect-video relative overflow-hidden"
            >
              <div
                class="absolute inset-0 bg-cover bg-center"
                style="background-image: url("/assets/events/ml-workshop.svg");"
              />
              <div
                class="absolute inset-0 bg-gradient-to-t from-background/90 to-transparent"
              />
            </div>
            <div
              class="p-6"
            >
              <div
                class="flex items-center gap-2 text-sm text-muted-foreground mb-3"
              >
                <span
                  class="inline-flex items-center gap-1"
                >
                  <svg
                    class="w-4 h-4"
                  />
                  2025-03-06
                </span>
                <span
                  class="inline-flex items-center gap-1"
                >
                  <svg
                    class="w-4 h-4"
                  />
                  Tory Building 217
                </span>
              </div>
              <h3
                class="text-xl font-semibold mb-2"
              >
                Introduction to Artificial Intelligence
              </h3>
              <p
                class="text-muted-foreground mb-4 line-clamp-none md:line-clamp-4"
              >
                Learn the fundamentals of AI: its history, the main types of algorithms, and how to keep learning.
              </p>
              <div
                class="flex gap-2 flex-wrap"
              >
                <span
                  class="px-2 py-1 text-xs rounded-full bg-brand/10 text-primary"
                >
                  beginner-friendly
                </span>
                <span
                  class="px-2 py-1 text-xs rounded-full bg-brand/10 text-primary"
                >
                  conceptual
                </span>
              </div>
            </div>
          </div>
          <div
            class="group relative bg-card/70 rounded-xl overflow-hidden border border-border/50 opacity-80"
          >
            <div
              class="aspect-video relative overflow-hidden"
            >
              <div
                class="absolute inset-0 bg-cover bg-center"
                style="background-image: url("/assets/events/ml-workshop.svg");"
              />
              <div
                class="absolute inset-0 bg-gradient-to-t from-background/90 to-transparent"
              />
            </div>
            <div
              class="p-6"
            >
              <div
                class="flex items-center gap-2 text-sm text-muted-foreground mb-3"
              >
                <span
                  class="inline-flex items-center gap-1"
                >
                  <svg
                    class="w-4 h-4"
                  />
                  2025-01-22
                </span>
                <span
                  class="inline-flex items-center gap-1"
                >
                  <svg
                    class="w-4 h-4"
                  />
                  Paterson Hall 114
                </span>
              </div>
              <h3
                class="text-xl font-semibold mb-2"
              >
                Club Executive Meet and Greet
              </h3>
              <p
                class="text-muted-foreground mb-4 line-clamp-none md:line-clamp-4"
              >
                Meet the club executives and learn about the club's goals and our plans for the future
              </p>
              <div
                class="flex gap-2 flex-wrap"
              >
                <span
                  class="px-2 py-1 text-xs rounded-full bg-brand/10 text-primary"
                >
                  social
                </span>
                <span
                  class="px-2 py-1 text-xs rounded-full bg-brand/10 text-primary"
                >
                  planning
                </span>
              </div>
            </div>
          </div>
          <div
            class="group relative bg-card/70 rounded-xl overflow-hidden border border-border/50 opacity-80"
          >
            <div
              class="aspect-video relative overflow-hidden"
            >
              <div
                class="absolute inset-0 bg-cover bg-center"
                style="background-image: url("/assets/events/ml-workshop.svg");"
              />
              <div
                class="absolute inset-0 bg-gradient-to-t from-background/90 to-transparent"
              />
            </div>
            <div
              class="p-6"
            >
              <div
                class="flex items-center gap-2 text-sm text-muted-foreground mb-3"
              >
                <span
                  class="inline-flex items-center gap-1"
                >
                  <svg
                    class="w-4 h-4"
                  />
                  2025-01-15
                </span>
                <span
                  class="inline-flex items-center gap-1"
                >
                  <svg
                    class="w-4 h-4"
                  />
                  Teraanga Commons
                </span>
              </div>
              <h3
                class="text-xl font-semibold mb-2"
              >
                Club Expo
              </h3>
              <p
                class="text-muted-foreground mb-4 line-clamp-none md:line-clamp-4"
              >
                Presenting the club to new students and recruiting new members.
              </p>
              <div
                class="flex gap-2 flex-wrap"
              >
                <span
                  class="px-2 py-1 text-xs rounded-full bg-brand/10 text-primary"
                >
                  social
                </span>
                <span
                  class="px-2 py-1 text-xs rounded-full bg-brand/10 text-primary"
                >
                  recruitment
                </span>
              </div>
            </div>
          </div>
        </div>
      </div>
    </section>
    <section
      class="relative z-10 py-16 px-4 mb-16"
    >
      <div
        class="container mx-auto"
      >
        <div
          class="text-center mb-12"
        >
          <h2
            class="text-3xl font-bold mb-4 text-glow"
          >
            Events Calendar
          </h2>
          <p
            class="text-lg text-muted-foreground"
          >
            View our full schedule of upcoming events
          </p>
        </div>
        <div
          class="w-full max-w-4xl mx-auto rounded-lg overflow-hidden border border-primary/10 bg-card/50 backdrop-blur-xs"
        >
          <div
            class="p-4 sm:p-6"
          >
            <div
              class="mb-4 flex items-center justify-between gap-2"
            >
              <button
                aria-label="Previous month"
                class="inline-flex min-h-11 items-center justify-center gap-2 whitespace-nowrap rounded-md text-sm font-medium ring-offset-background transition-colors focus-visible:outline-hidden focus-visible:ring-2 focus-visible:ring-ring focus-visible:ring-offset-2 forced-colors:focus-visible:outline-2 forced-colors:focus-visible:outline-[Highlight] forced-colors:focus-visible:outline-offset-2 disabled:pointer-events-none disabled:opacity-50 [&_svg]:pointer-events-none [&_svg]:size-4 [&_svg]:shrink-0 hover:bg-accent hover:text-accent-foreground h-11 w-11 min-w-11"
                type="button"
              >
                <svg />
              </button>
              <h3
                aria-live="polite"
                class="whitespace-nowrap text-lg font-semibold sm:text-2xl"
                id="_r_3_"
              >
                September 2026
              </h3>
              <button
                aria-label="Next month"
                class="inline-flex min-h-11 items-center justify-center gap-2 whitespace-nowrap rounded-md text-sm font-medium ring-offset-background transition-colors focus-visible:outline-hidden focus-visible:ring-2 focus-visible:ring-ring focus-visible:ring-offset-2 forced-colors:focus-visible:outline-2 forced-colors:focus-visible:outline-[Highlight] forced-colors:focus-visible:outline-offset-2 disabled:pointer-events-none disabled:opacity-50 [&_svg]:pointer-events-none [&_svg]:size-4 [&_svg]:shrink-0 hover:bg-accent hover:text-accent-foreground h-11 w-11 min-w-11"
                type="button"
              >
                <svg />
              </button>
            </div>
            <table
              aria-labelledby="_r_3_"
              class="w-full table-fixed border-collapse"
            >
              <thead>
                <tr>
                  <th
                    class="pb-2 text-xs font-medium uppercase tracking-wide text-muted-foreground"
                    scope="col"
                  >
                    <abbr
                      class="no-underline"
                      title="Sunday"
                    >
                      Sun
                    </abbr>
                  </th>
                  <th
                    class="pb-2 text-xs font-medium uppercase tracking-wide text-muted-foreground"
                    scope="col"
                  >
                    <abbr
                      class="no-underline"
                      title="Monday"
                    >
                      Mon
                    </abbr>
                  </th>
                  <th
                    class="pb-2 text-xs font-medium uppercase tracking-wide text-muted-foreground"
                    scope="col"
                  >
                    <abbr
                      class="no-underline"
                      title="Tuesday"
                    >
                      Tue
                    </abbr>
                  </th>
                  <th
                    class="pb-2 text-xs font-medium uppercase tracking-wide text-muted-foreground"
                    scope="col"
                  >
                    <abbr
                      class="no-underline"
                      title="Wednesday"
                    >
                      Wed
                    </abbr>
                  </th>
                  <th
                    class="pb-2 text-xs font-medium uppercase tracking-wide text-muted-foreground"
                    scope="col"
                  >
                    <abbr
                      class="no-underline"
                      title="Thursday"
                    >
                      Thu
                    </abbr>
                  </th>
                  <th
                    class="pb-2 text-xs font-medium uppercase tracking-wide text-muted-foreground"
                    scope="col"
                  >
                    <abbr
                      class="no-underline"
                      title="Friday"
                    >
                      Fri
                    </abbr>
                  </th>
                  <th
                    class="pb-2 text-xs font-medium uppercase tracking-wide text-muted-foreground"
                    scope="col"
                  >
                    <abbr
                      class="no-underline"
                      title="Saturday"
                    >
                      Sat
                    </abbr>
                  </th>
                </tr>
              </thead>
              <tbody>
                <tr>
                  <td
                    class="h-14 border border-border p-1 align-top md:h-24 md:p-1.5"
                  />
                  <td
                    class="h-14 border border-border p-1 align-top md:h-24 md:p-1.5"
                  />
                  <td
                    class="h-14 border border-border p-1 align-top md:h-24 md:p-1.5"
                  >
                    <span
                      class="inline-flex h-7 w-7 items-center justify-center rounded-full text-sm text-muted-foreground"
                    >
                      1
                    </span>
                  </td>
                  <td
                    class="h-14 border border-border p-1 align-top md:h-24 md:p-1.5"
                  >
                    <span
                      class="inline-flex h-7 w-7 items-center justify-center rounded-full text-sm text-muted-foreground"
                    >
                      2
                    </span>
                  </td>
                  <td
                    class="h-14 border border-border p-1 align-top md:h-24 md:p-1.5"
                  >
                    <span
                      class="inline-flex h-7 w-7 items-center justify-center rounded-full text-sm text-muted-foreground"
                    >
                      3
                    </span>
                  </td>
                  <td
                    class="h-14 border border-border p-1 align-top md:h-24 md:p-1.5"
                  >
                    <span
                      class="inline-flex h-7 w-7 items-center justify-center rounded-full text-sm text-muted-foreground"
                    >
                      4
                    </span>
                  </td>
                  <td
                    class="h-14 border border-border p-1 align-top md:h-24 md:p-1.5"
                  >
                    <span
                      class="inline-flex h-7 w-7 items-center justify-center rounded-full text-sm text-muted-foreground"
                    >
                      5
                    </span>
                  </td>
                </tr>
                <tr>
                  <td
                    class="h-14 border border-border p-1 align-top md:h-24 md:p-1.5"
                  >
                    <span
                      class="inline-flex h-7 w-7 items-center justify-center rounded-full text-sm text-muted-foreground"
                    >
                      6
                    </span>
                  </td>
                  <td
                    class="h-14 border border-border p-1 align-top md:h-24 md:p-1.5"
                  >
                    <span
                      class="inline-flex h-7 w-7 items-center justify-center rounded-full text-sm text-muted-foreground"
                    >
                      7
                    </span>
                  </td>
                  <td
                    class="h-14 border border-border p-1 align-top md:h-24 md:p-1.5 bg-brand/10"
                  >
                    <span
                      class="inline-flex h-7 w-7 items-center justify-center rounded-full text-sm font-semibold text-foreground"
                    >
                      8
                    </span>
                    <ul
                      class="mt-1 flex flex-wrap gap-1 md:block md:space-y-1"
                    >
                      <li
                        title="Club Expo"
                      >
                        <span
                          aria-hidden="true"
                          class="block h-2 w-2 rounded-full md:hidden bg-primary"
                        />
                        <span
                          class="sr-only md:not-sr-only md:line-clamp-2 md:rounded md:px-1.5 md:py-0.5 md:text-xs md:leading-snug md:bg-brand/20 md:font-medium md:text-primary"
                        >
                          Club Expo
                        </span>
                      </li>
                    </ul>
                  </td>
                  <td
                    class="h-14 border border-border p-1 align-top md:h-24 md:p-1.5"
                  >
                    <span
                      class="inline-flex h-7 w-7 items-center justify-center rounded-full text-sm text-muted-foreground"
                    >
                      9
                    </span>
                  </td>
                  <td
                    class="h-14 border border-border p-1 align-top md:h-24 md:p-1.5"
                  >
                    <span
                      class="inline-flex h-7 w-7 items-center justify-center rounded-full text-sm text-muted-foreground"
                    >
                      10
                    </span>
                  </td>
                  <td
                    class="h-14 border border-border p-1 align-top md:h-24 md:p-1.5"
                  >
                    <span
                      class="inline-flex h-7 w-7 items-center justify-center rounded-full text-sm text-muted-foreground"
                    >
                      11
                    </span>
                  </td>
                  <td
                    class="h-14 border border-border p-1 align-top md:h-24 md:p-1.5"
                  >
                    <span
                      class="inline-flex h-7 w-7 items-center justify-center rounded-full text-sm text-muted-foreground"
                    >
                      12
                    </span>
                  </td>
                </tr>
                <tr>
                  <td
                    class="h-14 border border-border p-1 align-top md:h-24 md:p-1.5"
                  >
                    <span
                      class="inline-flex h-7 w-7 items-center justify-center rounded-full text-sm text-muted-foreground"
                    >
                      13
                    </span>
                  </td>
                  <td
                    class="h-14 border border-border p-1 align-top md:h-24 md:p-1.5"
                  >
                    <span
                      class="inline-flex h-7 w-7 items-center justify-center rounded-full text-sm text-muted-foreground"
                    >
                      14
                    </span>
                  </td>
                  <td
                    class="h-14 border border-border p-1 align-top md:h-24 md:p-1.5"
                  >
                    <span
                      class="inline-flex h-7 w-7 items-center justify-center rounded-full text-sm text-muted-foreground"
                    >
                      15
                    </span>
                  </td>
                  <td
                    class="h-14 border border-border p-1 align-top md:h-24 md:p-1.5 bg-brand/10"
                  >
                    <span
                      class="inline-flex h-7 w-7 items-center justify-center rounded-full text-sm font-semibold text-foreground"
                    >
                      16
                    </span>
                    <ul
                      class="mt-1 flex flex-wrap gap-1 md:block md:space-y-1"
                    >
                      <li
                        title="Tech Club Expo"
                      >
                        <span
                          aria-hidden="true"
                          class="block h-2 w-2 rounded-full md:hidden bg-primary"
                        />
                        <span
                          class="sr-only md:not-sr-only md:line-clamp-2 md:rounded md:px-1.5 md:py-0.5 md:text-xs md:leading-snug md:bg-brand/20 md:font-medium md:text-primary"
                        >
                          Tech Club Expo
                        </span>
                      </li>
                    </ul>
                  </td>
                  <td
                    class="h-14 border border-border p-1 align-top md:h-24 md:p-1.5 bg-brand/10"
                  >
                    <span
                      class="inline-flex h-7 w-7 items-center justify-center rounded-full text-sm font-semibold text-foreground"
                    >
                      17
                    </span>
                    <ul
                      class="mt-1 flex flex-wrap gap-1 md:block md:space-y-1"
                    >
                      <li
                        title="EDC Fair"
                      >
                        <span
                          aria-hidden="true"
                          class="block h-2 w-2 rounded-full md:hidden bg-primary"
                        />
                        <span
                          class="sr-only md:not-sr-only md:line-clamp-2 md:rounded md:px-1.5 md:py-0.5 md:text-xs md:leading-snug md:bg-brand/20 md:font-medium md:text-primary"
                        >
                          EDC Fair
                        </span>
                      </li>
                    </ul>
                  </td>
                  <td
                    class="h-14 border border-border p-1 align-top md:h-24 md:p-1.5"
                  >
                    <span
                      class="inline-flex h-7 w-7 items-center justify-center rounded-full text-sm text-muted-foreground"
                    >
                      18
                    </span>
                  </td>
                  <td
                    class="h-14 border border-border p-1 align-top md:h-24 md:p-1.5"
                  >
                    <span
                      class="inline-flex h-7 w-7 items-center justify-center rounded-full text-sm text-muted-foreground"
                    >
                      19
                    </span>
                  </td>
                </tr>
                <tr>
                  <td
                    class="h-14 border border-border p-1 align-top md:h-24 md:p-1.5"
                  >
                    <span
                      class="inline-flex h-7 w-7 items-center justify-center rounded-full text-sm text-muted-foreground"
                    >
                      20
                    </span>
                  </td>
                  <td
                    class="h-14 border border-border p-1 align-top md:h-24 md:p-1.5"
                  >
                    <span
                      class="inline-flex h-7 w-7 items-center justify-center rounded-full text-sm text-muted-foreground"
                    >
                      21
                    </span>
                  </td>
                  <td
                    class="h-14 border border-border p-1 align-top md:h-24 md:p-1.5"
                  >
                    <span
                      class="inline-flex h-7 w-7 items-center justify-center rounded-full text-sm bg-brand font-semibold text-brand-foreground"
                    >
                      22
                    </span>
                    <span
                      class="sr-only"
                    >
                      (today)
                    </span>
                    <ul
                      class="mt-1 flex flex-wrap gap-1 md:block md:space-y-1"
                    >
                      <li
                        title="Exec Meeting"
                      >
                        <span
                          aria-hidden="true"
                          class="block h-2 w-2 rounded-full md:hidden bg-muted-foreground"
                        />
                        <span
                          class="sr-only md:not-sr-only md:line-clamp-2 md:rounded md:px-1.5 md:py-0.5 md:text-xs md:leading-snug md:border md:border-border md:text-muted-foreground"
                        >
                          Exec Meeting
                        </span>
                      </li>
                    </ul>
                  </td>
                  <td
                    class="h-14 border border-border p-1 align-top md:h-24 md:p-1.5"
                  >
                    <span
                      class="inline-flex h-7 w-7 items-center justify-center rounded-full text-sm text-muted-foreground"
                    >
                      23
                    </span>
                  </td>
                  <td
                    class="h-14 border border-border p-1 align-top md:h-24 md:p-1.5 bg-brand/10"
                  >
                    <span
                      class="inline-flex h-7 w-7 items-center justify-center rounded-full text-sm font-semibold text-foreground"
                    >
                      24
                    </span>
                    <ul
                      class="mt-1 flex flex-wrap gap-1 md:block md:space-y-1"
                    >
                      <li
                        title="CAIS Icebreaker"
                      >
                        <span
                          aria-hidden="true"
                          class="block h-2 w-2 rounded-full md:hidden bg-primary"
                        />
                        <span
                          class="sr-only md:not-sr-only md:line-clamp-2 md:rounded md:px-1.5 md:py-0.5 md:text-xs md:leading-snug md:bg-brand/20 md:font-medium md:text-primary"
                        >
                          CAIS Icebreaker
                        </span>
                      </li>
                    </ul>
                  </td>
                  <td
                    class="h-14 border border-border p-1 align-top md:h-24 md:p-1.5"
                  >
                    <span
                      class="inline-flex h-7 w-7 items-center justify-center rounded-full text-sm text-muted-foreground"
                    >
                      25
                    </span>
                  </td>
                  <td
                    class="h-14 border border-border p-1 align-top md:h-24 md:p-1.5"
                  >
                    <span
                      class="inline-flex h-7 w-7 items-center justify-center rounded-full text-sm text-muted-foreground"
                    >
                      26
                    </span>
                  </td>
                </tr>
                <tr>
                  <td
                    class="h-14 border border-border p-1 align-top md:h-24 md:p-1.5"
                  >
                    <span
                      class="inline-flex h-7 w-7 items-center justify-center rounded-full text-sm text-muted-foreground"
                    >
                      27
                    </span>
                  </td>
                  <td
                    class="h-14 border border-border p-1 align-top md:h-24 md:p-1.5"
                  >
                    <span
                      class="inline-flex h-7 w-7 items-center justify-center rounded-full text-sm text-muted-foreground"
                    >
                      28
                    </span>
                  </td>
                  <td
                    class="h-14 border border-border p-1 align-top md:h-24 md:p-1.5"
                  >
                    <span
                      class="inline-flex h-7 w-7 items-center justify-center rounded-full text-sm text-muted-foreground"
                    >
                      29
                    </span>
                    <ul
                      class="mt-1 flex flex-wrap gap-1 md:block md:space-y-1"
                    >
                      <li
                        title="Exec Meeting"
                      >
                        <span
                          aria-hidden="true"
                          class="block h-2 w-2 rounded-full md:hidden bg-muted-foreground"
                        />
                        <span
                          class="sr-only md:not-sr-only md:line-clamp-2 md:rounded md:px-1.5 md:py-0.5 md:text-xs md:leading-snug md:border md:border-border md:text-muted-foreground"
                        >
                          Exec Meeting
                        </span>
                      </li>
                    </ul>
                  </td>
                  <td
                    class="h-14 border border-border p-1 align-top md:h-24 md:p-1.5"
                  >
                    <span
                      class="inline-flex h-7 w-7 items-center justify-center rounded-full text-sm text-muted-foreground"
                    >
                      30
                    </span>
                  </td>
                  <td
                    class="h-14 border border-border p-1 align-top md:h-24 md:p-1.5"
                  />
                  <td
                    class="h-14 border border-border p-1 align-top md:h-24 md:p-1.5"
                  />
                  <td
                    class="h-14 border border-border p-1 align-top md:h-24 md:p-1.5"
                  />
                </tr>
              </tbody>
            </table>
            <div
              class="mt-6 space-y-3"
            >
              <ul
                class="space-y-3"
              >
                <li
                  class="flex gap-4 rounded-lg border border-border bg-background/60 p-4 text-left"
                >
                  <time
                    class="flex w-12 shrink-0 flex-col items-center"
                    datetime="2026-09-08"
                  >
                    <span
                      class="text-xs font-medium uppercase text-primary"
                    >
                      Tue
                    </span>
                    <span
                      class="text-2xl font-bold leading-tight"
                    >
                      8
                    </span>
                  </time>
                  <div
                    class="min-w-0"
                  >
                    <p
                      class="font-semibold"
                    >
                      Club Expo
                    </p>
                    <p
                      class="mt-1 flex flex-wrap gap-x-4 gap-y-1 text-sm text-muted-foreground"
                    >
                      <span
                        class="inline-flex items-center gap-1"
                      >
                        <svg
                          class="h-4 w-4"
                        />
                        1:00 PM - 4:00 PM
                      </span>
                      <span
                        class="inline-flex items-center gap-1"
                      >
                        <svg
                          class="h-4 w-4"
                        />
                        Fieldhouse
                      </span>
                    </p>
                  </div>
                </li>
                <li
                  class="flex gap-4 rounded-lg border border-border bg-background/60 p-4 text-left"
                >
                  <time
                    class="flex w-12 shrink-0 flex-col items-center"
                    datetime="2026-09-16"
                  >
                    <span
                      class="text-xs font-medium uppercase text-primary"
                    >
                      Wed
                    </span>
                    <span
                      class="text-2xl font-bold leading-tight"
                    >
                      16
                    </span>
                  </time>
                  <div
                    class="min-w-0"
                  >
                    <p
                      class="font-semibold"
                    >
                      Tech Club Expo
                    </p>
                    <p
                      class="mt-1 flex flex-wrap gap-x-4 gap-y-1 text-sm text-muted-foreground"
                    >
                      <span
                        class="inline-flex items-center gap-1"
                      >
                        <svg
                          class="h-4 w-4"
                        />
                        5:00 PM - 7:00 PM
                      </span>
                      <span
                        class="inline-flex items-center gap-1"
                      >
                        <svg
                          class="h-4 w-4"
                        />
                        Herzberg Laboratories 4155
                      </span>
                    </p>
                  </div>
                </li>
                <li
                  class="flex gap-4 rounded-lg border border-border bg-background/60 p-4 text-left"
                >
                  <time
                    class="flex w-12 shrink-0 flex-col items-center"
                    datetime="2026-09-17"
                  >
                    <span
                      class="text-xs font-medium uppercase text-primary"
                    >
                      Thu
                    </span>
                    <span
                      class="text-2xl font-bold leading-tight"
                    >
                      17
                    </span>
                  </time>
                  <div
                    class="min-w-0"
                  >
                    <p
                      class="font-semibold"
                    >
                      EDC Fair
                    </p>
                    <p
                      class="mt-1 flex flex-wrap gap-x-4 gap-y-1 text-sm text-muted-foreground"
                    >
                      <span
                        class="inline-flex items-center gap-1"
                      >
                        <svg
                          class="h-4 w-4"
                        />
                        6:00 PM - 8:00 PM
                      </span>
                      <span
                        class="inline-flex items-center gap-1"
                      >
                        <svg
                          class="h-4 w-4"
                        />
                        EDC, Mackenzie Building
                      </span>
                    </p>
                  </div>
                </li>
                <li
                  class="flex gap-4 rounded-lg border border-border bg-background/60 p-4 text-left"
                >
                  <time
                    class="flex w-12 shrink-0 flex-col items-center"
                    datetime="2026-09-24"
                  >
                    <span
                      class="text-xs font-medium uppercase text-primary"
                    >
                      Thu
                    </span>
                    <span
                      class="text-2xl font-bold leading-tight"
                    >
                      24
                    </span>
                  </time>
                  <div
                    class="min-w-0"
                  >
                    <p
                      class="font-semibold"
                    >
                      CAIS Icebreaker
                    </p>
                    <p
                      class="mt-1 flex flex-wrap gap-x-4 gap-y-1 text-sm text-muted-foreground"
                    >
                      <span
                        class="inline-flex items-center gap-1"
                      >
                        <svg
                          class="h-4 w-4"
                        />
                        6:00 PM - 8:00 PM
                      </span>
                      <span
                        class="inline-flex items-center gap-1"
                      >
                        <svg
                          class="h-4 w-4"
                        />
                        Southam Hall 402
                      </span>
                    </p>
                  </div>
                </li>
              </ul>
              <ul
                class="space-y-2"
              >
                <li
                  class="flex flex-wrap gap-x-4 gap-y-1 rounded-lg border border-dashed border-border px-4 py-3 text-left text-sm text-muted-foreground"
                >
                  <span
                    class="font-medium text-foreground"
                  >
                    Exec Meeting
                  </span>
                  <span>
                    Tuesdays
                  </span>
                  <span
                    class="inline-flex items-center gap-1"
                  >
                    <svg
                      class="h-4 w-4"
                    />
                    7:30 PM - 8:00 PM
                  </span>
                  <span
                    class="inline-flex items-center gap-1"
                  >
                    <svg
                      class="h-4 w-4"
                    />
                    Richcraft Hall 3228
                  </span>
                </li>
              </ul>
            </div>
          </div>
        </div>
      </div>
    </section>
  </div>
</DocumentFragment>
`;
